// Jest Snapshot v1, https://goo.gl/fbAQLP

exports[`Beds.vue renders component properly 1`] = `
<div class="col-md-12">
  <div class="row">
    <div class="col-md-12 d-flex justify-content-center">
      <h1 class="type-h3 type-blue-smoke">Leitos</h1>
    </div>
  </div>
  <!---->
  <router-view-stub name="default"></router-view-stub>
</div>
`;
