// Jest Snapshot v1, https://goo.gl/fbAQLP

exports[`Hospitals.vue renders component properly 1`] = `
<div class="home col-md-12">
  <div class="row">
    <div class="col-md-12 d-flex justify-content-center">
      <h1>Hospitais</h1>
    </div>
  </div>
  <div class="row">
    <hospital-list-stub></hospital-list-stub>
  </div>
</div>
`;
