// Jest Snapshot v1, https://goo.gl/fbAQLP

exports[`Pacient.vue renders component properly 1`] = `
<div class="col-md-12">
  <div class="row d-flex justify-content-center">
    <h1 class="type-h2 type-blue-smoke">Paciente</h1>
  </div>
  <router-view-stub name="default"></router-view-stub>
</div>
`;
