// Jest Snapshot v1, https://goo.gl/fbAQLP

exports[`UTIs.vue renders component properly 1`] = `
<div class="col-md-12">
  <div class="row">
    <div class="col-md-12 d-flex justify-content-center">
      <h1 class="type-h3 type-blue-smoke">UTIs</h1>
    </div>
  </div>
  <div class="row">
    <u-t-i-list-stub></u-t-i-list-stub>
  </div>
</div>
`;
