// Jest Snapshot v1, https://goo.gl/fbAQLP

exports[`BedCard.vue component is rendering properly 1`] = `
<router-link-stub to="[object Object]" tag="a" event="click" class="card col-md-3">
  <p class="card__name">Box A</p>
  <div class="card__preview">
    <p class="card__text-content">
      Paciente:
    </p>
    <p class="card__text-content">
      Data:
      <span>09/12/2019</span></p>
    <p class="card__text-content">
      Diagn√≥stico:
      <span>Apendicite</span></p>
    <p class="card__text-content">
      Data:
      <span>UNIMED</span></p>
  </div>
</router-link-stub>
`;
