// Jest Snapshot v1, https://goo.gl/fbAQLP

exports[`Pacient/Register.vue component is rendering properly 1`] = `
<div class="d-flex flex-wrap justify-content-center align-items-center flex-column">
  <div class="col-md-6 mb-3">
    <h2 class="type-h4 type-blue-smoke">Cadastrar Paciente</h2>
  </div>
  <form class="col-md-6">
    <div class="form-group"><label for="PacientName" class="form__label">Nome:</label> <input type="text" id="PacientName" class="form__input">
      <div class="error--message">Campo obrigat贸rio</div>
    </div>
    <div class="form-group"><label for="DocumentId" class="form__label">CPF:</label>
      <the-mask-stub value="" mask="###.###.###-##" tokens="[object Object]" type="text" id="DocumentId" class="form__input"></the-mask-stub>
      <div class="error--message">Campo obrigat贸rio</div>
      <!---->
    </div>
    <div class="form-group"><label for="Email" class="form__label">Email:</label> <input type="text" id="Email" class="form__input">
      <div class="error--message">Campo obrigat贸rio</div>
      <!---->
    </div>
    <div class="form-group"><label for="DateOfBirth" class="form__label">Data de Nascimento:</label> <input type="tel" id="DateOfBirth" class="form__input">
      <div class="error--message">Campo obrigat贸rio</div>
    </div> <button type="submit" class="button button-grey">CADASTRAR</button>
  </form>
</div>
`;
